Archive member included because of file (symbol)

c:/winavr-20100110/bin/../lib/gcc/avr/4.3.3/avr5\libgcc.a(_udivmodqi4.o)
                              ./Source/02-ECUA/SSD/Src/SSD.o (__udivmodqi4)
c:/winavr-20100110/bin/../lib/gcc/avr/4.3.3/avr5\libgcc.a(_udivmodhi4.o)
                              ./Source/01-MCAL/Timer0/Src/Timer0.o (__udivmodhi4)
c:/winavr-20100110/bin/../lib/gcc/avr/4.3.3/avr5\libgcc.a(_divmodhi4.o)
                              ./Source/01-MCAL/Timer0/Src/Timer0.o (__divmodhi4)
c:/winavr-20100110/bin/../lib/gcc/avr/4.3.3/avr5\libgcc.a(_udivmodsi4.o)
                              ./Source/01-MCAL/UART/Src/UART.o (__udivmodsi4)
c:/winavr-20100110/bin/../lib/gcc/avr/4.3.3/avr5\libgcc.a(_divmodsi4.o)
                              ./Source/01-MCAL/Timer1/Src/Timer1.o (__divmodsi4)
c:/winavr-20100110/bin/../lib/gcc/avr/4.3.3/avr5\libgcc.a(_exit.o)
                              c:/winavr-20100110/bin/../lib/gcc/avr/4.3.3/../../../../avr/lib/avr5/crtm32.o (exit)
c:/winavr-20100110/bin/../lib/gcc/avr/4.3.3/avr5\libgcc.a(_copy_data.o)
                              ./Source/04-App/main.o (__do_copy_data)
c:/winavr-20100110/bin/../lib/gcc/avr/4.3.3/avr5\libgcc.a(_clear_bss.o)
                              ./Source/04-App/main.o (__do_clear_bss)
c:/winavr-20100110/bin/../lib/gcc/avr/4.3.3/avr5\libgcc.a(_fixunssfsi.o)
                              ./Source/03-Service/Login/Src/Login.o (__fixunssfsi)
c:/winavr-20100110/bin/../lib/gcc/avr/4.3.3/avr5\libgcc.a(_addsub_sf.o)
                              ./Source/02-ECUA/LCD/Src/LCD.o (__subsf3)
c:/winavr-20100110/bin/../lib/gcc/avr/4.3.3/avr5\libgcc.a(_mul_sf.o)
                              ./Source/03-Service/Login/Src/Login.o (__mulsf3)
c:/winavr-20100110/bin/../lib/gcc/avr/4.3.3/avr5\libgcc.a(_div_sf.o)
                              ./Source/02-ECUA/Servo/Src/Servo.o (__divsf3)
c:/winavr-20100110/bin/../lib/gcc/avr/4.3.3/avr5\libgcc.a(_gt_sf.o)
                              ./Source/03-Service/Login/Src/Login.o (__gtsf2)
c:/winavr-20100110/bin/../lib/gcc/avr/4.3.3/avr5\libgcc.a(_ge_sf.o)
                              c:/winavr-20100110/bin/../lib/gcc/avr/4.3.3/avr5\libgcc.a(_fixunssfsi.o) (__gesf2)
c:/winavr-20100110/bin/../lib/gcc/avr/4.3.3/avr5\libgcc.a(_lt_sf.o)
                              ./Source/03-Service/Login/Src/Login.o (__ltsf2)
c:/winavr-20100110/bin/../lib/gcc/avr/4.3.3/avr5\libgcc.a(_si_to_sf.o)
                              ./Source/02-ECUA/Servo/Src/Servo.o (__floatsisf)
c:/winavr-20100110/bin/../lib/gcc/avr/4.3.3/avr5\libgcc.a(_sf_to_si.o)
                              c:/winavr-20100110/bin/../lib/gcc/avr/4.3.3/avr5\libgcc.a(_fixunssfsi.o) (__fixsfsi)
c:/winavr-20100110/bin/../lib/gcc/avr/4.3.3/avr5\libgcc.a(_thenan_sf.o)
                              c:/winavr-20100110/bin/../lib/gcc/avr/4.3.3/avr5\libgcc.a(_addsub_sf.o) (__thenan_sf)
c:/winavr-20100110/bin/../lib/gcc/avr/4.3.3/avr5\libgcc.a(_usi_to_sf.o)
                              ./Source/01-MCAL/Timer1/Src/Timer1.o (__floatunsisf)
c:/winavr-20100110/bin/../lib/gcc/avr/4.3.3/avr5\libgcc.a(_prologue.o)
                              c:/winavr-20100110/bin/../lib/gcc/avr/4.3.3/avr5\libgcc.a(_addsub_sf.o) (__prologue_saves__)
c:/winavr-20100110/bin/../lib/gcc/avr/4.3.3/avr5\libgcc.a(_epilogue.o)
                              c:/winavr-20100110/bin/../lib/gcc/avr/4.3.3/avr5\libgcc.a(_addsub_sf.o) (__epilogue_restores__)
c:/winavr-20100110/bin/../lib/gcc/avr/4.3.3/avr5\libgcc.a(_clzsi2.o)
                              c:/winavr-20100110/bin/../lib/gcc/avr/4.3.3/avr5\libgcc.a(_si_to_sf.o) (__clzsi2)
c:/winavr-20100110/bin/../lib/gcc/avr/4.3.3/avr5\libgcc.a(_pack_sf.o)
                              c:/winavr-20100110/bin/../lib/gcc/avr/4.3.3/avr5\libgcc.a(_addsub_sf.o) (__pack_f)
c:/winavr-20100110/bin/../lib/gcc/avr/4.3.3/avr5\libgcc.a(_unpack_sf.o)
                              c:/winavr-20100110/bin/../lib/gcc/avr/4.3.3/avr5\libgcc.a(_addsub_sf.o) (__unpack_f)
c:/winavr-20100110/bin/../lib/gcc/avr/4.3.3/avr5\libgcc.a(_fpcmp_parts_sf.o)
                              c:/winavr-20100110/bin/../lib/gcc/avr/4.3.3/avr5\libgcc.a(_gt_sf.o) (__fpcmp_parts_f)
c:/winavr-20100110/bin/../lib/gcc/avr/4.3.3/avr5\libgcc.a(_clz.o)
                              c:/winavr-20100110/bin/../lib/gcc/avr/4.3.3/avr5\libgcc.a(_clzsi2.o) (__clz_tab)
c:/winavr-20100110/bin/../lib/gcc/avr/4.3.3/../../../../avr/lib/avr5\libc.a(strcmp.o)
                              ./Source/04-App/main.o (strcmp)
c:/winavr-20100110/bin/../lib/gcc/avr/4.3.3/../../../../avr/lib/avr5\libc.a(strlen.o)
                              ./Source/02-ECUA/LCD/Src/LCD.o (strlen)
c:/winavr-20100110/bin/../lib/gcc/avr/4.3.3/../../../../avr/lib/avr5\libc.a(sprintf.o)
                              ./Source/02-ECUA/LCD/Src/LCD.o (sprintf)
c:/winavr-20100110/bin/../lib/gcc/avr/4.3.3/../../../../avr/lib/avr5\libc.a(vfprintf_std.o)
                              c:/winavr-20100110/bin/../lib/gcc/avr/4.3.3/../../../../avr/lib/avr5\libc.a(sprintf.o) (vfprintf)
c:/winavr-20100110/bin/../lib/gcc/avr/4.3.3/../../../../avr/lib/avr5\libc.a(strnlen_P.o)
                              c:/winavr-20100110/bin/../lib/gcc/avr/4.3.3/../../../../avr/lib/avr5\libc.a(vfprintf_std.o) (strnlen_P)
c:/winavr-20100110/bin/../lib/gcc/avr/4.3.3/../../../../avr/lib/avr5\libc.a(strnlen.o)
                              c:/winavr-20100110/bin/../lib/gcc/avr/4.3.3/../../../../avr/lib/avr5\libc.a(vfprintf_std.o) (strnlen)
c:/winavr-20100110/bin/../lib/gcc/avr/4.3.3/../../../../avr/lib/avr5\libc.a(fputc.o)
                              c:/winavr-20100110/bin/../lib/gcc/avr/4.3.3/../../../../avr/lib/avr5\libc.a(vfprintf_std.o) (fputc)
c:/winavr-20100110/bin/../lib/gcc/avr/4.3.3/../../../../avr/lib/avr5\libc.a(ultoa_invert.o)
                              c:/winavr-20100110/bin/../lib/gcc/avr/4.3.3/../../../../avr/lib/avr5\libc.a(vfprintf_std.o) (__ultoa_invert)

Allocating common symbols
Common symbol       size              file

password            0x9               ./Source/04-App/main.o
username            0x9               ./Source/04-App/main.o
input               0x3               ./Source/04-App/main.o

Memory Configuration

Name             Origin             Length             Attributes
text             0x00000000         0x00020000         xr
data             0x00800060         0x0000ffa0         rw !x
eeprom           0x00810000         0x00010000         rw !x
fuse             0x00820000         0x00000400         rw !x
lock             0x00830000         0x00000400         rw !x
signature        0x00840000         0x00000400         rw !x
*default*        0x00000000         0xffffffff

Linker script and memory map

LOAD c:/winavr-20100110/bin/../lib/gcc/avr/4.3.3/../../../../avr/lib/avr5/crtm32.o
LOAD ./Source/04-App/main.o
LOAD ./Source/03-Service/Login/Src/Login.o
LOAD ./Source/03-Service/Door/Src/Door.o
LOAD ./Source/02-ECUA/Servo/Src/Servo.o
LOAD ./Source/02-ECUA/SSD/Src/SSD.o
LOAD ./Source/02-ECUA/Relay/Src/Relay.o
LOAD ./Source/02-ECUA/LM35/Src/LM35.o
LOAD ./Source/02-ECUA/LED/Src/Led.o
LOAD ./Source/02-ECUA/LCD/Src/LCD.o
LOAD ./Source/02-ECUA/Keypad/Src/keypad.o
LOAD ./Source/02-ECUA/HC-05/Src/HC-05.o
LOAD ./Source/02-ECUA/EEPROM/Src/EEPROM.o
LOAD ./Source/02-ECUA/DCMotor/Src/DCMotor.o
LOAD ./Source/02-ECUA/Buzzer/Src/Buzzer.o
LOAD ./Source/02-ECUA/Button/Src/Button.o
LOAD ./Source/01-MCAL/Watchdog/Src/watchdog.o
LOAD ./Source/01-MCAL/UART/Src/UART.o
LOAD ./Source/01-MCAL/Timer1/Src/Timer1.o
LOAD ./Source/01-MCAL/Timer0/Src/Timer0.o
LOAD ./Source/01-MCAL/TWI/Src/TWI_program.o
LOAD ./Source/01-MCAL/SPI/Src/SPI.o
LOAD ./Source/01-MCAL/GIE/Src/GIE.o
LOAD ./Source/01-MCAL/EXTI/Src/EXTI.o
LOAD ./Source/01-MCAL/Dio/Src/Dio.o
LOAD ./Source/01-MCAL/ADC/Src/ADC.o
LOAD c:/winavr-20100110/bin/../lib/gcc/avr/4.3.3/avr5\libgcc.a
LOAD c:/winavr-20100110/bin/../lib/gcc/avr/4.3.3/../../../../avr/lib/avr5\libc.a
LOAD c:/winavr-20100110/bin/../lib/gcc/avr/4.3.3/avr5\libgcc.a

.hash
 *(.hash)

.dynsym
 *(.dynsym)

.dynstr
 *(.dynstr)

.gnu.version
 *(.gnu.version)

.gnu.version_d
 *(.gnu.version_d)

.gnu.version_r
 *(.gnu.version_r)

.rel.init
 *(.rel.init)

.rela.init
 *(.rela.init)

.rel.text
 *(.rel.text)
 *(.rel.text.*)
 *(.rel.gnu.linkonce.t*)

.rela.text
 *(.rela.text)
 *(.rela.text.*)
 *(.rela.gnu.linkonce.t*)

.rel.fini
 *(.rel.fini)

.rela.fini
 *(.rela.fini)

.rel.rodata
 *(.rel.rodata)
 *(.rel.rodata.*)
 *(.rel.gnu.linkonce.r*)

.rela.rodata
 *(.rela.rodata)
 *(.rela.rodata.*)
 *(.rela.gnu.linkonce.r*)

.rel.data
 *(.rel.data)
 *(.rel.data.*)
 *(.rel.gnu.linkonce.d*)

.rela.data
 *(.rela.data)
 *(.rela.data.*)
 *(.rela.gnu.linkonce.d*)

.rel.ctors
 *(.rel.ctors)

.rela.ctors
 *(.rela.ctors)

.rel.dtors
 *(.rel.dtors)

.rela.dtors
 *(.rela.dtors)

.rel.got
 *(.rel.got)

.rela.got
 *(.rela.got)

.rel.bss
 *(.rel.bss)

.rela.bss
 *(.rela.bss)

.rel.plt
 *(.rel.plt)

.rela.plt
 *(.rela.plt)

.text           0x00000000     0x4e64
 *(.vectors)
 .vectors       0x00000000       0x54 c:/winavr-20100110/bin/../lib/gcc/avr/4.3.3/../../../../avr/lib/avr5/crtm32.o
                0x00000000                __vectors
                0x00000000                __vector_default
 *(.vectors)
 *(.progmem.gcc*)
 *(.progmem*)
                0x00000054                . = ALIGN (0x2)
                0x00000054                __trampolines_start = .
 *(.trampolines)
 .trampolines   0x00000054        0x0 linker stubs
 *(.trampolines*)
                0x00000054                __trampolines_end = .
 *(.jumptables)
 *(.jumptables*)
 *(.lowtext)
 *(.lowtext*)
                0x00000054                __ctors_start = .
 *(.ctors)
                0x00000054                __ctors_end = .
                0x00000054                __dtors_start = .
 *(.dtors)
                0x00000054                __dtors_end = .
 SORT(*)(.ctors)
 SORT(*)(.dtors)
 *(.init0)
 .init0         0x00000054        0x0 c:/winavr-20100110/bin/../lib/gcc/avr/4.3.3/../../../../avr/lib/avr5/crtm32.o
                0x00000054                __init
 *(.init0)
 *(.init1)
 *(.init1)
 *(.init2)
 .init2         0x00000054        0xc c:/winavr-20100110/bin/../lib/gcc/avr/4.3.3/../../../../avr/lib/avr5/crtm32.o
 *(.init2)
 *(.init3)
 *(.init3)
 *(.init4)
 .init4         0x00000060       0x16 c:/winavr-20100110/bin/../lib/gcc/avr/4.3.3/avr5\libgcc.a(_copy_data.o)
                0x00000060                __do_copy_data
 .init4         0x00000076       0x10 c:/winavr-20100110/bin/../lib/gcc/avr/4.3.3/avr5\libgcc.a(_clear_bss.o)
                0x00000076                __do_clear_bss
 *(.init4)
 *(.init5)
 *(.init5)
 *(.init6)
 *(.init6)
 *(.init7)
 *(.init7)
 *(.init8)
 *(.init8)
 *(.init9)
 .init9         0x00000086        0x8 c:/winavr-20100110/bin/../lib/gcc/avr/4.3.3/../../../../avr/lib/avr5/crtm32.o
 *(.init9)
 *(.text)
 .text          0x0000008e        0x4 c:/winavr-20100110/bin/../lib/gcc/avr/4.3.3/../../../../avr/lib/avr5/crtm32.o
                0x0000008e                __vector_1
                0x0000008e                __vector_12
                0x0000008e                __bad_interrupt
                0x0000008e                __vector_6
                0x0000008e                __vector_3
                0x0000008e                __vector_11
                0x0000008e                __vector_13
                0x0000008e                __vector_17
                0x0000008e                __vector_19
                0x0000008e                __vector_7
                0x0000008e                __vector_5
                0x0000008e                __vector_4
                0x0000008e                __vector_9
                0x0000008e                __vector_2
                0x0000008e                __vector_15
                0x0000008e                __vector_8
                0x0000008e                __vector_14
                0x0000008e                __vector_10
                0x0000008e                __vector_16
                0x0000008e                __vector_18
                0x0000008e                __vector_20
 .text          0x00000092        0x0 ./Source/04-App/main.o
 .text          0x00000092        0x0 ./Source/03-Service/Login/Src/Login.o
 .text          0x00000092        0x0 ./Source/03-Service/Door/Src/Door.o
 .text          0x00000092        0x0 ./Source/02-ECUA/Servo/Src/Servo.o
 .text          0x00000092        0x0 ./Source/02-ECUA/SSD/Src/SSD.o
 .text          0x00000092        0x0 ./Source/02-ECUA/Relay/Src/Relay.o
 .text          0x00000092        0x0 ./Source/02-ECUA/LM35/Src/LM35.o
 .text          0x00000092        0x0 ./Source/02-ECUA/LED/Src/Led.o
 .text          0x00000092        0x0 ./Source/02-ECUA/LCD/Src/LCD.o
 .text          0x00000092        0x0 ./Source/02-ECUA/Keypad/Src/keypad.o
 .text          0x00000092        0x0 ./Source/02-ECUA/HC-05/Src/HC-05.o
 .text          0x00000092        0x0 ./Source/02-ECUA/EEPROM/Src/EEPROM.o
 .text          0x00000092        0x0 ./Source/02-ECUA/DCMotor/Src/DCMotor.o
 .text          0x00000092        0x0 ./Source/02-ECUA/Buzzer/Src/Buzzer.o
 .text          0x00000092        0x0 ./Source/02-ECUA/Button/Src/Button.o
 .text          0x00000092        0x0 ./Source/01-MCAL/Watchdog/Src/watchdog.o
 .text          0x00000092        0x0 ./Source/01-MCAL/UART/Src/UART.o
 .text          0x00000092        0x0 ./Source/01-MCAL/Timer1/Src/Timer1.o
 .text          0x00000092        0x0 ./Source/01-MCAL/Timer0/Src/Timer0.o
 .text          0x00000092        0x0 ./Source/01-MCAL/TWI/Src/TWI_program.o
 .text          0x00000092        0x0 ./Source/01-MCAL/SPI/Src/SPI.o
 .text          0x00000092        0x0 ./Source/01-MCAL/GIE/Src/GIE.o
 .text          0x00000092        0x0 ./Source/01-MCAL/EXTI/Src/EXTI.o
 .text          0x00000092        0x0 ./Source/01-MCAL/Dio/Src/Dio.o
 .text          0x00000092        0x0 ./Source/01-MCAL/ADC/Src/ADC.o
 .text          0x00000092        0x0 c:/winavr-20100110/bin/../lib/gcc/avr/4.3.3/avr5\libgcc.a(_udivmodqi4.o)
 .text          0x00000092        0x0 c:/winavr-20100110/bin/../lib/gcc/avr/4.3.3/avr5\libgcc.a(_udivmodhi4.o)
 .text          0x00000092        0x0 c:/winavr-20100110/bin/../lib/gcc/avr/4.3.3/avr5\libgcc.a(_divmodhi4.o)
 .text          0x00000092        0x0 c:/winavr-20100110/bin/../lib/gcc/avr/4.3.3/avr5\libgcc.a(_udivmodsi4.o)
 .text          0x00000092        0x0 c:/winavr-20100110/bin/../lib/gcc/avr/4.3.3/avr5\libgcc.a(_divmodsi4.o)
 .text          0x00000092        0x0 c:/winavr-20100110/bin/../lib/gcc/avr/4.3.3/avr5\libgcc.a(_exit.o)
 .text          0x00000092        0x0 c:/winavr-20100110/bin/../lib/gcc/avr/4.3.3/avr5\libgcc.a(_copy_data.o)
 .text          0x00000092        0x0 c:/winavr-20100110/bin/../lib/gcc/avr/4.3.3/avr5\libgcc.a(_clear_bss.o)
 .text          0x00000092       0x58 c:/winavr-20100110/bin/../lib/gcc/avr/4.3.3/avr5\libgcc.a(_fixunssfsi.o)
                0x00000092                __fixunssfsi
 .text          0x000000ea      0x354 c:/winavr-20100110/bin/../lib/gcc/avr/4.3.3/avr5\libgcc.a(_addsub_sf.o)
                0x00000382                __subsf3
                0x000003e4                __addsf3
 .text          0x0000043e      0x1f4 c:/winavr-20100110/bin/../lib/gcc/avr/4.3.3/avr5\libgcc.a(_mul_sf.o)
                0x0000043e                __mulsf3
 .text          0x00000632      0x158 c:/winavr-20100110/bin/../lib/gcc/avr/4.3.3/avr5\libgcc.a(_div_sf.o)
                0x00000632                __divsf3
 .text          0x0000078a       0x60 c:/winavr-20100110/bin/../lib/gcc/avr/4.3.3/avr5\libgcc.a(_gt_sf.o)
                0x0000078a                __gtsf2
 .text          0x000007ea       0x60 c:/winavr-20100110/bin/../lib/gcc/avr/4.3.3/avr5\libgcc.a(_ge_sf.o)
                0x000007ea                __gesf2
 .text          0x0000084a       0x60 c:/winavr-20100110/bin/../lib/gcc/avr/4.3.3/avr5\libgcc.a(_lt_sf.o)
                0x0000084a                __ltsf2
 .text          0x000008aa       0xbc c:/winavr-20100110/bin/../lib/gcc/avr/4.3.3/avr5\libgcc.a(_si_to_sf.o)
                0x000008aa                __floatsisf
 .text          0x00000966       0xa8 c:/winavr-20100110/bin/../lib/gcc/avr/4.3.3/avr5\libgcc.a(_sf_to_si.o)
                0x00000966                __fixsfsi
 .text          0x00000a0e        0x0 c:/winavr-20100110/bin/../lib/gcc/avr/4.3.3/avr5\libgcc.a(_thenan_sf.o)
 .text          0x00000a0e       0xf2 c:/winavr-20100110/bin/../lib/gcc/avr/4.3.3/avr5\libgcc.a(_usi_to_sf.o)
                0x00000a0e                __floatunsisf
 .text          0x00000b00        0x0 c:/winavr-20100110/bin/../lib/gcc/avr/4.3.3/avr5\libgcc.a(_prologue.o)
 .text          0x00000b00        0x0 c:/winavr-20100110/bin/../lib/gcc/avr/4.3.3/avr5\libgcc.a(_epilogue.o)
 .text          0x00000b00       0x9e c:/winavr-20100110/bin/../lib/gcc/avr/4.3.3/avr5\libgcc.a(_clzsi2.o)
                0x00000b00                __clzsi2
 .text          0x00000b9e      0x1aa c:/winavr-20100110/bin/../lib/gcc/avr/4.3.3/avr5\libgcc.a(_pack_sf.o)
                0x00000b9e                __pack_f
 .text          0x00000d48       0xf0 c:/winavr-20100110/bin/../lib/gcc/avr/4.3.3/avr5\libgcc.a(_unpack_sf.o)
                0x00000d48                __unpack_f
 .text          0x00000e38       0xb2 c:/winavr-20100110/bin/../lib/gcc/avr/4.3.3/avr5\libgcc.a(_fpcmp_parts_sf.o)
                0x00000e38                __fpcmp_parts_f
 .text          0x00000eea        0x0 c:/winavr-20100110/bin/../lib/gcc/avr/4.3.3/avr5\libgcc.a(_clz.o)
 .text          0x00000eea        0x0 c:/winavr-20100110/bin/../lib/gcc/avr/4.3.3/../../../../avr/lib/avr5\libc.a(strcmp.o)
 .text          0x00000eea        0x0 c:/winavr-20100110/bin/../lib/gcc/avr/4.3.3/../../../../avr/lib/avr5\libc.a(strlen.o)
 .text          0x00000eea        0x0 c:/winavr-20100110/bin/../lib/gcc/avr/4.3.3/../../../../avr/lib/avr5\libc.a(sprintf.o)
 .text          0x00000eea        0x0 c:/winavr-20100110/bin/../lib/gcc/avr/4.3.3/../../../../avr/lib/avr5\libc.a(vfprintf_std.o)
 .text          0x00000eea        0x0 c:/winavr-20100110/bin/../lib/gcc/avr/4.3.3/../../../../avr/lib/avr5\libc.a(strnlen_P.o)
 .text          0x00000eea        0x0 c:/winavr-20100110/bin/../lib/gcc/avr/4.3.3/../../../../avr/lib/avr5\libc.a(strnlen.o)
 .text          0x00000eea        0x0 c:/winavr-20100110/bin/../lib/gcc/avr/4.3.3/../../../../avr/lib/avr5\libc.a(fputc.o)
 .text          0x00000eea        0x0 c:/winavr-20100110/bin/../lib/gcc/avr/4.3.3/../../../../avr/lib/avr5\libc.a(ultoa_invert.o)
                0x00000eea                . = ALIGN (0x2)
 *(.text.*)
 .text.main     0x00000eea        0xe ./Source/04-App/main.o
                0x00000eea                main
 .text.setup    0x00000ef8       0x34 ./Source/04-App/main.o
                0x00000ef8                setup
 .text.loop     0x00000f2c      0x168 ./Source/04-App/main.o
                0x00000f2c                loop
 .text.login_getNumberOfUsers
                0x00001094       0x16 ./Source/03-Service/Login/Src/Login.o
 .text.login_addUser
                0x000010aa       0x9e ./Source/03-Service/Login/Src/Login.o
 .text.login_searchForUsername
                0x00001148       0x18 ./Source/03-Service/Login/Src/Login.o
 .text.loginAdminMode
                0x00001160      0x4ae ./Source/03-Service/Login/Src/Login.o
 .text.loginUserMode
                0x0000160e      0x164 ./Source/03-Service/Login/Src/Login.o
 .text.login    0x00001772       0x24 ./Source/03-Service/Login/Src/Login.o
                0x00001772                login
 .text.Door_Init
                0x00001796       0x12 ./Source/03-Service/Door/Src/Door.o
                0x00001796                Door_Init
 .text.Door_Open
                0x000017a8       0x28 ./Source/03-Service/Door/Src/Door.o
                0x000017a8                Door_Open
 .text.Door_Close
                0x000017d0       0x24 ./Source/03-Service/Door/Src/Door.o
                0x000017d0                Door_Close
 .text.Door_Toogle
                0x000017f4       0x24 ./Source/03-Service/Door/Src/Door.o
                0x000017f4                Door_Toogle
 .text.Servo_Init
                0x00001818       0x1a ./Source/02-ECUA/Servo/Src/Servo.o
                0x00001818                Servo_Init
 .text.Servo_Start
                0x00001832       0x14 ./Source/02-ECUA/Servo/Src/Servo.o
                0x00001832                Servo_Start
 .text.Servo_Stop
                0x00001846       0x12 ./Source/02-ECUA/Servo/Src/Servo.o
                0x00001846                Servo_Stop
 .text.Servo_SetAngle
                0x00001858       0xc0 ./Source/02-ECUA/Servo/Src/Servo.o
                0x00001858                Servo_SetAngle
 .text.SSD_init
                0x00001918       0x54 ./Source/02-ECUA/SSD/Src/SSD.o
                0x00001918                SSD_init
 .text.SSD_displayNumber
                0x0000196c      0x396 ./Source/02-ECUA/SSD/Src/SSD.o
                0x0000196c                SSD_displayNumber
 .text.SSD_displayNumberAndDelay
                0x00001d02       0x44 ./Source/02-ECUA/SSD/Src/SSD.o
                0x00001d02                SSD_displayNumberAndDelay
 .text.Relay_Init
                0x00001d46       0x40 ./Source/02-ECUA/Relay/Src/Relay.o
                0x00001d46                Relay_Init
 .text.Relay_toogle
                0x00001d86       0x92 ./Source/02-ECUA/Relay/Src/Relay.o
                0x00001d86                Relay_toogle
 .text.LM35_Init
                0x00001e18       0x1c ./Source/02-ECUA/LM35/Src/LM35.o
                0x00001e18                LM35_Init
 .text.LM35_ReadTemperature
                0x00001e34       0x6c ./Source/02-ECUA/LM35/Src/LM35.o
                0x00001e34                LM35_ReadTemperature
 .text.Led_ledInit
                0x00001ea0       0x2c ./Source/02-ECUA/LED/Src/Led.o
                0x00001ea0                Led_ledInit
 .text.Led_turnOn
                0x00001ecc       0x62 ./Source/02-ECUA/LED/Src/Led.o
                0x00001ecc                Led_turnOn
 .text.Led_turnOff
                0x00001f2e       0x62 ./Source/02-ECUA/LED/Src/Led.o
                0x00001f2e                Led_turnOff
 .text.Led_toggle
                0x00001f90       0x5c ./Source/02-ECUA/LED/Src/Led.o
                0x00001f90                Led_toggle
 .text.LCD_init
                0x00001fec      0x3e4 ./Source/02-ECUA/LCD/Src/LCD.o
                0x00001fec                LCD_init
 .text.LCD_generateEnablePulse
                0x000023d0      0x11e ./Source/02-ECUA/LCD/Src/LCD.o
 .text.LCD_sendData
                0x000024ee       0x44 ./Source/02-ECUA/LCD/Src/LCD.o
 .text.LCD_displayChar
                0x00002532       0x34 ./Source/02-ECUA/LCD/Src/LCD.o
                0x00002532                LCD_displayChar
 .text.LCD_displayInt
                0x00002566       0x98 ./Source/02-ECUA/LCD/Src/LCD.o
                0x00002566                LCD_displayInt
 .text.LCD_displayFloat
                0x000025fe       0xba ./Source/02-ECUA/LCD/Src/LCD.o
                0x000025fe                LCD_displayFloat
 .text.LCD_staticdisplayString
                0x000026b8      0x19c ./Source/02-ECUA/LCD/Src/LCD.o
 .text.LCD_displayString
                0x00002854       0x22 ./Source/02-ECUA/LCD/Src/LCD.o
                0x00002854                LCD_displayString
 .text.LCD_displayStringWithAnimation
                0x00002876       0x22 ./Source/02-ECUA/LCD/Src/LCD.o
                0x00002876                LCD_displayStringWithAnimation
 .text.LCD_sendCmd
                0x00002898       0x24 ./Source/02-ECUA/LCD/Src/LCD.o
                0x00002898                LCD_sendCmd
 .text.LCD_ClearRow
                0x000028bc       0x62 ./Source/02-ECUA/LCD/Src/LCD.o
                0x000028bc                LCD_ClearRow
 .text.LCD_setAlignment
                0x0000291e       0x1a ./Source/02-ECUA/LCD/Src/LCD.o
                0x0000291e                LCD_setAlignment
 .text.LCD_setAddressPosition
                0x00002938       0x4e ./Source/02-ECUA/LCD/Src/LCD.o
                0x00002938                LCD_setAddressPosition
 .text.Keypad_keypadInit
                0x00002986       0x86 ./Source/02-ECUA/Keypad/Src/keypad.o
                0x00002986                Keypad_keypadInit
 .text.Keypad_buttonIsPressed
                0x00002a0c       0x4c ./Source/02-ECUA/Keypad/Src/keypad.o
                0x00002a0c                Keypad_buttonIsPressed
 .text.Keypad_getButton
                0x00002a58       0x4c ./Source/02-ECUA/Keypad/Src/keypad.o
                0x00002a58                Keypad_getButton
 .text.Keypad_getRow
                0x00002aa4       0x5e ./Source/02-ECUA/Keypad/Src/keypad.o
                0x00002aa4                Keypad_getRow
 .text.Keypad_getCol
                0x00002b02       0xda ./Source/02-ECUA/Keypad/Src/keypad.o
                0x00002b02                Keypad_getCol
 .text.Keypad_GetString
                0x00002bdc       0x9a ./Source/02-ECUA/Keypad/Src/keypad.o
                0x00002bdc                Keypad_GetString
 .text.HC05_Init
                0x00002c76       0x2e ./Source/02-ECUA/HC-05/Src/HC-05.o
                0x00002c76                HC05_Init
 .text.HC05_IsConnected
                0x00002ca4       0x28 ./Source/02-ECUA/HC-05/Src/HC-05.o
                0x00002ca4                HC05_IsConnected
 .text.HC05_SendString
                0x00002ccc       0x36 ./Source/02-ECUA/HC-05/Src/HC-05.o
                0x00002ccc                HC05_SendString
 .text.HC05_ReceiveString
                0x00002d02       0x3c ./Source/02-ECUA/HC-05/Src/HC-05.o
                0x00002d02                HC05_ReceiveString
 .text.EEPROM_Init
                0x00002d3e      0x10e ./Source/02-ECUA/EEPROM/Src/EEPROM.o
                0x00002d3e                EEPROM_Init
 .text.EEPROM_WriteByte
                0x00002e4c      0x12c ./Source/02-ECUA/EEPROM/Src/EEPROM.o
                0x00002e4c                EEPROM_WriteByte
 .text.EEPROM_ReadByte
                0x00002f78      0x13e ./Source/02-ECUA/EEPROM/Src/EEPROM.o
                0x00002f78                EEPROM_ReadByte
 .text.EEPROM_WriteString
                0x000030b6       0x5c ./Source/02-ECUA/EEPROM/Src/EEPROM.o
                0x000030b6                EEPROM_WriteString
 .text.EEPROM_ReadString
                0x00003112       0x8a ./Source/02-ECUA/EEPROM/Src/EEPROM.o
                0x00003112                EEPROM_ReadString
 .text.EEPROM_Search
                0x0000319c       0xea ./Source/02-ECUA/EEPROM/Src/EEPROM.o
                0x0000319c                EEPROM_Search
 .text.DCMotor_Init
                0x00003286       0x8a ./Source/02-ECUA/DCMotor/Src/DCMotor.o
                0x00003286                DCMotor_Init
 .text.DCMotor_Start
                0x00003310       0xee ./Source/02-ECUA/DCMotor/Src/DCMotor.o
                0x00003310                DCMotor_Start
 .text.DCMotor_Stop
                0x000033fe       0x4e ./Source/02-ECUA/DCMotor/Src/DCMotor.o
                0x000033fe                DCMotor_Stop
 .text.Buzzer_init
                0x0000344c       0x18 ./Source/02-ECUA/Buzzer/Src/Buzzer.o
                0x0000344c                Buzzer_init
 .text.Buzzer_turnOn
                0x00003464       0x18 ./Source/02-ECUA/Buzzer/Src/Buzzer.o
                0x00003464                Buzzer_turnOn
 .text.Buzzer_turnOff
                0x0000347c       0x18 ./Source/02-ECUA/Buzzer/Src/Buzzer.o
                0x0000347c                Buzzer_turnOff
 .text.Button_buttonInit
                0x00003494       0x2c ./Source/02-ECUA/Button/Src/Button.o
                0x00003494                Button_buttonInit
 .text.Button_udtisPressed
                0x000034c0       0x68 ./Source/02-ECUA/Button/Src/Button.o
                0x000034c0                Button_udtisPressed
 .text.Watchdog_ON
                0x00003528       0x16 ./Source/01-MCAL/Watchdog/Src/watchdog.o
                0x00003528                Watchdog_ON
 .text.Watchdog_OFF
                0x0000353e       0x1c ./Source/01-MCAL/Watchdog/Src/watchdog.o
                0x0000353e                Watchdog_OFF
 .text.UART_Init
                0x0000355a       0xc8 ./Source/01-MCAL/UART/Src/UART.o
                0x0000355a                UART_Init
 .text.UART_Receive
                0x00003622       0x48 ./Source/01-MCAL/UART/Src/UART.o
                0x00003622                UART_Receive
 .text.UART_Transmit
                0x0000366a       0x34 ./Source/01-MCAL/UART/Src/UART.o
                0x0000366a                UART_Transmit
 .text.UART_SendString
                0x0000369e       0x46 ./Source/01-MCAL/UART/Src/UART.o
                0x0000369e                UART_SendString
 .text.UART_ReciveString
                0x000036e4       0x86 ./Source/01-MCAL/UART/Src/UART.o
                0x000036e4                UART_ReciveString
 .text.Timer1_SetFastPWM
                0x0000376a       0x34 ./Source/01-MCAL/Timer1/Src/Timer1.o
 .text.Timer1_Init
                0x0000379e       0x28 ./Source/01-MCAL/Timer1/Src/Timer1.o
                0x0000379e                Timer1_Init
 .text.Timer1_Start
                0x000037c6       0x24 ./Source/01-MCAL/Timer1/Src/Timer1.o
                0x000037c6                Timer1_Start
 .text.Timer1_Stop
                0x000037ea       0x1c ./Source/01-MCAL/Timer1/Src/Timer1.o
                0x000037ea                Timer1_Stop
 .text.Timer1_SetDuty
                0x00003806       0x9e ./Source/01-MCAL/Timer1/Src/Timer1.o
                0x00003806                Timer1_SetDuty
 .text.Timer1_SetFrequency
                0x000038a4       0x60 ./Source/01-MCAL/Timer1/Src/Timer1.o
                0x000038a4                Timer1_SetFrequency
 .text.Timer0_SetPWMPhaseControl
                0x00003904       0x34 ./Source/01-MCAL/Timer0/Src/Timer0.o
 .text.Timer0_SetNormal
                0x00003938       0x1c ./Source/01-MCAL/Timer0/Src/Timer0.o
 .text.Timer0_SetCTC
                0x00003954       0x2a ./Source/01-MCAL/Timer0/Src/Timer0.o
 .text.Timer0_SetFastPWM
                0x0000397e       0x42 ./Source/01-MCAL/Timer0/Src/Timer0.o
 .text.Timer0_Init
                0x000039c0       0x72 ./Source/01-MCAL/Timer0/Src/Timer0.o
                0x000039c0                Timer0_Init
 .text.Timer0_SetPreload
                0x00003a32       0x24 ./Source/01-MCAL/Timer0/Src/Timer0.o
                0x00003a32                Timer0_SetPreload
 .text.Timer0_SetTime
                0x00003a56       0x5c ./Source/01-MCAL/Timer0/Src/Timer0.o
                0x00003a56                Timer0_SetTime
 .text.Timer0_Start
                0x00003ab2       0x24 ./Source/01-MCAL/Timer0/Src/Timer0.o
                0x00003ab2                Timer0_Start
 .text.Timer0_Stop
                0x00003ad6       0x1c ./Source/01-MCAL/Timer0/Src/Timer0.o
                0x00003ad6                Timer0_Stop
 .text.Timer0_SetDuty
                0x00003af2       0x6e ./Source/01-MCAL/Timer0/Src/Timer0.o
                0x00003af2                Timer0_SetDuty
 .text.Timer0_SetFrequency
                0x00003b60       0x14 ./Source/01-MCAL/Timer0/Src/Timer0.o
                0x00003b60                Timer0_SetFrequency
 .text.TWI_initMaster
                0x00003b74       0x4e ./Source/01-MCAL/TWI/Src/TWI_program.o
                0x00003b74                TWI_initMaster
 .text.TWI_initSlave
                0x00003bc2       0x48 ./Source/01-MCAL/TWI/Src/TWI_program.o
                0x00003bc2                TWI_initSlave
 .text.TWI_sendStartCondition
                0x00003c0a       0x48 ./Source/01-MCAL/TWI/Src/TWI_program.o
                0x00003c0a                TWI_sendStartCondition
 .text.TWI_sendRepStartCondition
                0x00003c52       0x48 ./Source/01-MCAL/TWI/Src/TWI_program.o
                0x00003c52                TWI_sendRepStartCondition
 .text.TWI_sendStopCondition
                0x00003c9a       0x2a ./Source/01-MCAL/TWI/Src/TWI_program.o
                0x00003c9a                TWI_sendStopCondition
 .text.TWI_sendSlaveAddwithWrite
                0x00003cc4       0x66 ./Source/01-MCAL/TWI/Src/TWI_program.o
                0x00003cc4                TWI_sendSlaveAddwithWrite
 .text.TWI_sendSlaveAddwithRead
                0x00003d2a       0x66 ./Source/01-MCAL/TWI/Src/TWI_program.o
                0x00003d2a                TWI_sendSlaveAddwithRead
 .text.TWI_sendMasterDataByte
                0x00003d90       0x48 ./Source/01-MCAL/TWI/Src/TWI_program.o
                0x00003d90                TWI_sendMasterDataByte
 .text.TWI_readMasterDataByte
                0x00003dd8       0x58 ./Source/01-MCAL/TWI/Src/TWI_program.o
                0x00003dd8                TWI_readMasterDataByte
 .text.SPI_MasterInit
                0x00003e30       0x60 ./Source/01-MCAL/SPI/Src/SPI.o
                0x00003e30                SPI_MasterInit
 .text.SPI_SlaveInit
                0x00003e90       0x26 ./Source/01-MCAL/SPI/Src/SPI.o
                0x00003e90                SPI_SlaveInit
 .text.SPI_MasterTranser
                0x00003eb6       0x22 ./Source/01-MCAL/SPI/Src/SPI.o
                0x00003eb6                SPI_MasterTranser
 .text.SPI_MasterSend
                0x00003ed8       0x1a ./Source/01-MCAL/SPI/Src/SPI.o
                0x00003ed8                SPI_MasterSend
 .text.SPI_MasterReceive
                0x00003ef2       0x14 ./Source/01-MCAL/SPI/Src/SPI.o
                0x00003ef2                SPI_MasterReceive
 .text.SPI_SlaveSend
                0x00003f06       0x1c ./Source/01-MCAL/SPI/Src/SPI.o
                0x00003f06                SPI_SlaveSend
 .text.SPI_SlaveReceive
                0x00003f22       0x14 ./Source/01-MCAL/SPI/Src/SPI.o
                0x00003f22                SPI_SlaveReceive
 .text.GIE_EnableGlobalInterrupt
                0x00003f36       0x1c ./Source/01-MCAL/GIE/Src/GIE.o
                0x00003f36                GIE_EnableGlobalInterrupt
 .text.GIE_DisableGlobalInterrupt
                0x00003f52       0x1c ./Source/01-MCAL/GIE/Src/GIE.o
                0x00003f52                GIE_DisableGlobalInterrupt
 .text.EXTI_EnableInterrupt
                0x00003f6e       0xae ./Source/01-MCAL/EXTI/Src/EXTI.o
                0x00003f6e                EXTI_EnableInterrupt
 .text.EXTI_DisableInterrupt
                0x0000401c       0x3c ./Source/01-MCAL/EXTI/Src/EXTI.o
                0x0000401c                EXTI_DisableInterrupt
 .text.Dio_configChanel
                0x00004058      0x1c6 ./Source/01-MCAL/Dio/Src/Dio.o
                0x00004058                Dio_configChanel
 .text.Dio_writeChanel
                0x0000421e      0x1c6 ./Source/01-MCAL/Dio/Src/Dio.o
                0x0000421e                Dio_writeChanel
 .text.Dio_writeChanelGroup
                0x000043e4       0xb8 ./Source/01-MCAL/Dio/Src/Dio.o
                0x000043e4                Dio_writeChanelGroup
 .text.Dio_udtreadChanel
                0x0000449c       0xf4 ./Source/01-MCAL/Dio/Src/Dio.o
                0x0000449c                Dio_udtreadChanel
 .text.Dio_flipChanel
                0x00004590       0xfa ./Source/01-MCAL/Dio/Src/Dio.o
                0x00004590                Dio_flipChanel
 .text.ADC_InitADC
                0x0000468a       0x38 ./Source/01-MCAL/ADC/Src/ADC.o
                0x0000468a                ADC_InitADC
 .text.ADC_f32ReadChannel
                0x000046c2       0xea ./Source/01-MCAL/ADC/Src/ADC.o
                0x000046c2                ADC_f32ReadChannel
 .text.libgcc   0x000047ac       0x18 c:/winavr-20100110/bin/../lib/gcc/avr/4.3.3/avr5\libgcc.a(_udivmodqi4.o)
                0x000047ac                __udivmodqi4
 .text.libgcc   0x000047c4       0x28 c:/winavr-20100110/bin/../lib/gcc/avr/4.3.3/avr5\libgcc.a(_udivmodhi4.o)
                0x000047c4                __udivmodhi4
 .text.libgcc   0x000047ec       0x26 c:/winavr-20100110/bin/../lib/gcc/avr/4.3.3/avr5\libgcc.a(_divmodhi4.o)
                0x000047ec                __divmodhi4
                0x000047ec                _div
 .text.libgcc   0x00004812       0x44 c:/winavr-20100110/bin/../lib/gcc/avr/4.3.3/avr5\libgcc.a(_udivmodsi4.o)
                0x00004812                __udivmodsi4
 .text.libgcc   0x00004856       0x36 c:/winavr-20100110/bin/../lib/gcc/avr/4.3.3/avr5\libgcc.a(_divmodsi4.o)
                0x00004856                __divmodsi4
 .text.libgcc   0x0000488c        0x0 c:/winavr-20100110/bin/../lib/gcc/avr/4.3.3/avr5\libgcc.a(_exit.o)
 .text.libgcc   0x0000488c        0x0 c:/winavr-20100110/bin/../lib/gcc/avr/4.3.3/avr5\libgcc.a(_copy_data.o)
 .text.libgcc   0x0000488c        0x0 c:/winavr-20100110/bin/../lib/gcc/avr/4.3.3/avr5\libgcc.a(_clear_bss.o)
 .text.libgcc   0x0000488c       0x38 c:/winavr-20100110/bin/../lib/gcc/avr/4.3.3/avr5\libgcc.a(_prologue.o)
                0x0000488c                __prologue_saves__
 .text.libgcc   0x000048c4       0x36 c:/winavr-20100110/bin/../lib/gcc/avr/4.3.3/avr5\libgcc.a(_epilogue.o)
                0x000048c4                __epilogue_restores__
 .text.avr-libc
                0x000048fa       0x12 c:/winavr-20100110/bin/../lib/gcc/avr/4.3.3/../../../../avr/lib/avr5\libc.a(strcmp.o)
                0x000048fa                strcmp
 .text.avr-libc
                0x0000490c       0x12 c:/winavr-20100110/bin/../lib/gcc/avr/4.3.3/../../../../avr/lib/avr5\libc.a(strlen.o)
                0x0000490c                strlen
 .text.avr-libc
                0x0000491e       0x48 c:/winavr-20100110/bin/../lib/gcc/avr/4.3.3/../../../../avr/lib/avr5\libc.a(sprintf.o)
                0x0000491e                sprintf
 .text.avr-libc
                0x00004966      0x3ba c:/winavr-20100110/bin/../lib/gcc/avr/4.3.3/../../../../avr/lib/avr5\libc.a(vfprintf_std.o)
                0x00004966                vfprintf
 .text.avr-libc
                0x00004d20       0x16 c:/winavr-20100110/bin/../lib/gcc/avr/4.3.3/../../../../avr/lib/avr5\libc.a(strnlen_P.o)
                0x00004d20                strnlen_P
 .text.avr-libc
                0x00004d36       0x16 c:/winavr-20100110/bin/../lib/gcc/avr/4.3.3/../../../../avr/lib/avr5\libc.a(strnlen.o)
                0x00004d36                strnlen
 .text.avr-libc
                0x00004d4c       0x58 c:/winavr-20100110/bin/../lib/gcc/avr/4.3.3/../../../../avr/lib/avr5\libc.a(fputc.o)
                0x00004d4c                fputc
 .text.avr-libc
                0x00004da4       0xbc c:/winavr-20100110/bin/../lib/gcc/avr/4.3.3/../../../../avr/lib/avr5\libc.a(ultoa_invert.o)
                0x00004da4                __ultoa_invert
                0x00004e60                . = ALIGN (0x2)
 *(.fini9)
 .fini9         0x00004e60        0x0 c:/winavr-20100110/bin/../lib/gcc/avr/4.3.3/avr5\libgcc.a(_exit.o)
                0x00004e60                exit
                0x00004e60                _exit
 *(.fini9)
 *(.fini8)
 *(.fini8)
 *(.fini7)
 *(.fini7)
 *(.fini6)
 *(.fini6)
 *(.fini5)
 *(.fini5)
 *(.fini4)
 *(.fini4)
 *(.fini3)
 *(.fini3)
 *(.fini2)
 *(.fini2)
 *(.fini1)
 *(.fini1)
 *(.fini0)
 .fini0         0x00004e60        0x4 c:/winavr-20100110/bin/../lib/gcc/avr/4.3.3/avr5\libgcc.a(_exit.o)
 *(.fini0)
                0x00004e64                _etext = .

.data           0x00800060      0x226 load address 0x00004e64
                0x00800060                PROVIDE (__data_start, .)
 *(.data)
 .data          0x00800060        0x0 c:/winavr-20100110/bin/../lib/gcc/avr/4.3.3/../../../../avr/lib/avr5/crtm32.o
 .data          0x00800060        0xc ./Source/04-App/main.o
 .data          0x0080006c       0xfe ./Source/03-Service/Login/Src/Login.o
 .data          0x0080016a        0x0 ./Source/03-Service/Door/Src/Door.o
 .data          0x0080016a        0x0 ./Source/02-ECUA/Servo/Src/Servo.o
 .data          0x0080016a        0x0 ./Source/02-ECUA/SSD/Src/SSD.o
 .data          0x0080016a        0x0 ./Source/02-ECUA/Relay/Src/Relay.o
 .data          0x0080016a        0x0 ./Source/02-ECUA/LM35/Src/LM35.o
 .data          0x0080016a        0x0 ./Source/02-ECUA/LED/Src/Led.o
 .data          0x0080016a        0x3 ./Source/02-ECUA/LCD/Src/LCD.o
 .data          0x0080016d        0x0 ./Source/02-ECUA/Keypad/Src/keypad.o
 .data          0x0080016d        0x0 ./Source/02-ECUA/HC-05/Src/HC-05.o
 .data          0x0080016d        0x0 ./Source/02-ECUA/EEPROM/Src/EEPROM.o
 .data          0x0080016d        0x0 ./Source/02-ECUA/DCMotor/Src/DCMotor.o
 .data          0x0080016d        0x0 ./Source/02-ECUA/Buzzer/Src/Buzzer.o
 .data          0x0080016d        0x0 ./Source/02-ECUA/Button/Src/Button.o
 .data          0x0080016d        0x0 ./Source/01-MCAL/Watchdog/Src/watchdog.o
 .data          0x0080016d        0x0 ./Source/01-MCAL/UART/Src/UART.o
 .data          0x0080016d        0x0 ./Source/01-MCAL/Timer1/Src/Timer1.o
 .data          0x0080016d        0x0 ./Source/01-MCAL/Timer0/Src/Timer0.o
 .data          0x0080016d        0x0 ./Source/01-MCAL/TWI/Src/TWI_program.o
 .data          0x0080016d        0x0 ./Source/01-MCAL/SPI/Src/SPI.o
 .data          0x0080016d        0x0 ./Source/01-MCAL/GIE/Src/GIE.o
 .data          0x0080016d        0x0 ./Source/01-MCAL/EXTI/Src/EXTI.o
 .data          0x0080016d        0x0 ./Source/01-MCAL/Dio/Src/Dio.o
 .data          0x0080016d        0x0 ./Source/01-MCAL/ADC/Src/ADC.o
 .data          0x0080016d        0x0 c:/winavr-20100110/bin/../lib/gcc/avr/4.3.3/avr5\libgcc.a(_udivmodqi4.o)
 .data          0x0080016d        0x0 c:/winavr-20100110/bin/../lib/gcc/avr/4.3.3/avr5\libgcc.a(_udivmodhi4.o)
 .data          0x0080016d        0x0 c:/winavr-20100110/bin/../lib/gcc/avr/4.3.3/avr5\libgcc.a(_divmodhi4.o)
 .data          0x0080016d        0x0 c:/winavr-20100110/bin/../lib/gcc/avr/4.3.3/avr5\libgcc.a(_udivmodsi4.o)
 .data          0x0080016d        0x0 c:/winavr-20100110/bin/../lib/gcc/avr/4.3.3/avr5\libgcc.a(_divmodsi4.o)
 .data          0x0080016d        0x0 c:/winavr-20100110/bin/../lib/gcc/avr/4.3.3/avr5\libgcc.a(_exit.o)
 .data          0x0080016d        0x0 c:/winavr-20100110/bin/../lib/gcc/avr/4.3.3/avr5\libgcc.a(_copy_data.o)
 .data          0x0080016d        0x0 c:/winavr-20100110/bin/../lib/gcc/avr/4.3.3/avr5\libgcc.a(_clear_bss.o)
 .data          0x0080016d        0x0 c:/winavr-20100110/bin/../lib/gcc/avr/4.3.3/avr5\libgcc.a(_fixunssfsi.o)
 .data          0x0080016d        0x0 c:/winavr-20100110/bin/../lib/gcc/avr/4.3.3/avr5\libgcc.a(_addsub_sf.o)
 .data          0x0080016d        0x0 c:/winavr-20100110/bin/../lib/gcc/avr/4.3.3/avr5\libgcc.a(_mul_sf.o)
 .data          0x0080016d        0x0 c:/winavr-20100110/bin/../lib/gcc/avr/4.3.3/avr5\libgcc.a(_div_sf.o)
 .data          0x0080016d        0x0 c:/winavr-20100110/bin/../lib/gcc/avr/4.3.3/avr5\libgcc.a(_gt_sf.o)
 .data          0x0080016d        0x0 c:/winavr-20100110/bin/../lib/gcc/avr/4.3.3/avr5\libgcc.a(_ge_sf.o)
 .data          0x0080016d        0x0 c:/winavr-20100110/bin/../lib/gcc/avr/4.3.3/avr5\libgcc.a(_lt_sf.o)
 .data          0x0080016d        0x0 c:/winavr-20100110/bin/../lib/gcc/avr/4.3.3/avr5\libgcc.a(_si_to_sf.o)
 .data          0x0080016d        0x0 c:/winavr-20100110/bin/../lib/gcc/avr/4.3.3/avr5\libgcc.a(_sf_to_si.o)
 .data          0x0080016d        0x8 c:/winavr-20100110/bin/../lib/gcc/avr/4.3.3/avr5\libgcc.a(_thenan_sf.o)
                0x0080016d                __thenan_sf
 .data          0x00800175        0x0 c:/winavr-20100110/bin/../lib/gcc/avr/4.3.3/avr5\libgcc.a(_usi_to_sf.o)
 .data          0x00800175        0x0 c:/winavr-20100110/bin/../lib/gcc/avr/4.3.3/avr5\libgcc.a(_prologue.o)
 .data          0x00800175        0x0 c:/winavr-20100110/bin/../lib/gcc/avr/4.3.3/avr5\libgcc.a(_epilogue.o)
 .data          0x00800175        0x0 c:/winavr-20100110/bin/../lib/gcc/avr/4.3.3/avr5\libgcc.a(_clzsi2.o)
 .data          0x00800175        0x0 c:/winavr-20100110/bin/../lib/gcc/avr/4.3.3/avr5\libgcc.a(_pack_sf.o)
 .data          0x00800175        0x0 c:/winavr-20100110/bin/../lib/gcc/avr/4.3.3/avr5\libgcc.a(_unpack_sf.o)
 .data          0x00800175        0x0 c:/winavr-20100110/bin/../lib/gcc/avr/4.3.3/avr5\libgcc.a(_fpcmp_parts_sf.o)
 .data          0x00800175      0x100 c:/winavr-20100110/bin/../lib/gcc/avr/4.3.3/avr5\libgcc.a(_clz.o)
                0x00800175                __clz_tab
 .data          0x00800275        0x0 c:/winavr-20100110/bin/../lib/gcc/avr/4.3.3/../../../../avr/lib/avr5\libc.a(strcmp.o)
 .data          0x00800275        0x0 c:/winavr-20100110/bin/../lib/gcc/avr/4.3.3/../../../../avr/lib/avr5\libc.a(strlen.o)
 .data          0x00800275        0x0 c:/winavr-20100110/bin/../lib/gcc/avr/4.3.3/../../../../avr/lib/avr5\libc.a(sprintf.o)
 .data          0x00800275        0x0 c:/winavr-20100110/bin/../lib/gcc/avr/4.3.3/../../../../avr/lib/avr5\libc.a(vfprintf_std.o)
 .data          0x00800275        0x0 c:/winavr-20100110/bin/../lib/gcc/avr/4.3.3/../../../../avr/lib/avr5\libc.a(strnlen_P.o)
 .data          0x00800275        0x0 c:/winavr-20100110/bin/../lib/gcc/avr/4.3.3/../../../../avr/lib/avr5\libc.a(strnlen.o)
 .data          0x00800275        0x0 c:/winavr-20100110/bin/../lib/gcc/avr/4.3.3/../../../../avr/lib/avr5\libc.a(fputc.o)
 .data          0x00800275        0x0 c:/winavr-20100110/bin/../lib/gcc/avr/4.3.3/../../../../avr/lib/avr5\libc.a(ultoa_invert.o)
 *(.data*)
 .data.Keypad_Layout
                0x00800275       0x10 ./Source/02-ECUA/Keypad/Src/keypad.o
                0x00800275                Keypad_Layout
 *(.rodata)
 *(.rodata*)
 *(.gnu.linkonce.d*)
                0x00800286                . = ALIGN (0x2)
 *fill*         0x00800285        0x1 00
                0x00800286                _edata = .
                0x00800286                PROVIDE (__data_end, .)

.bss            0x00800286       0x1c
                0x00800286                PROVIDE (__bss_start, .)
 *(.bss)
 .bss           0x00800286        0x0 c:/winavr-20100110/bin/../lib/gcc/avr/4.3.3/../../../../avr/lib/avr5/crtm32.o
 .bss           0x00800286        0x0 ./Source/04-App/main.o
 .bss           0x00800286        0x0 ./Source/03-Service/Login/Src/Login.o
 .bss           0x00800286        0x0 ./Source/03-Service/Door/Src/Door.o
 .bss           0x00800286        0x0 ./Source/02-ECUA/Servo/Src/Servo.o
 .bss           0x00800286        0x0 ./Source/02-ECUA/SSD/Src/SSD.o
 .bss           0x00800286        0x0 ./Source/02-ECUA/Relay/Src/Relay.o
 .bss           0x00800286        0x0 ./Source/02-ECUA/LM35/Src/LM35.o
 .bss           0x00800286        0x0 ./Source/02-ECUA/LED/Src/Led.o
 .bss           0x00800286        0x0 ./Source/02-ECUA/LCD/Src/LCD.o
 .bss           0x00800286        0x0 ./Source/02-ECUA/Keypad/Src/keypad.o
 .bss           0x00800286        0x0 ./Source/02-ECUA/HC-05/Src/HC-05.o
 .bss           0x00800286        0x0 ./Source/02-ECUA/EEPROM/Src/EEPROM.o
 .bss           0x00800286        0x0 ./Source/02-ECUA/DCMotor/Src/DCMotor.o
 .bss           0x00800286        0x0 ./Source/02-ECUA/Buzzer/Src/Buzzer.o
 .bss           0x00800286        0x0 ./Source/02-ECUA/Button/Src/Button.o
 .bss           0x00800286        0x0 ./Source/01-MCAL/Watchdog/Src/watchdog.o
 .bss           0x00800286        0x0 ./Source/01-MCAL/UART/Src/UART.o
 .bss           0x00800286        0x0 ./Source/01-MCAL/Timer1/Src/Timer1.o
 .bss           0x00800286        0x0 ./Source/01-MCAL/Timer0/Src/Timer0.o
 .bss           0x00800286        0x0 ./Source/01-MCAL/TWI/Src/TWI_program.o
 .bss           0x00800286        0x0 ./Source/01-MCAL/SPI/Src/SPI.o
 .bss           0x00800286        0x0 ./Source/01-MCAL/GIE/Src/GIE.o
 .bss           0x00800286        0x0 ./Source/01-MCAL/EXTI/Src/EXTI.o
 .bss           0x00800286        0x0 ./Source/01-MCAL/Dio/Src/Dio.o
 .bss           0x00800286        0x0 ./Source/01-MCAL/ADC/Src/ADC.o
 .bss           0x00800286        0x0 c:/winavr-20100110/bin/../lib/gcc/avr/4.3.3/avr5\libgcc.a(_udivmodqi4.o)
 .bss           0x00800286        0x0 c:/winavr-20100110/bin/../lib/gcc/avr/4.3.3/avr5\libgcc.a(_udivmodhi4.o)
 .bss           0x00800286        0x0 c:/winavr-20100110/bin/../lib/gcc/avr/4.3.3/avr5\libgcc.a(_divmodhi4.o)
 .bss           0x00800286        0x0 c:/winavr-20100110/bin/../lib/gcc/avr/4.3.3/avr5\libgcc.a(_udivmodsi4.o)
 .bss           0x00800286        0x0 c:/winavr-20100110/bin/../lib/gcc/avr/4.3.3/avr5\libgcc.a(_divmodsi4.o)
 .bss           0x00800286        0x0 c:/winavr-20100110/bin/../lib/gcc/avr/4.3.3/avr5\libgcc.a(_exit.o)
 .bss           0x00800286        0x0 c:/winavr-20100110/bin/../lib/gcc/avr/4.3.3/avr5\libgcc.a(_copy_data.o)
 .bss           0x00800286        0x0 c:/winavr-20100110/bin/../lib/gcc/avr/4.3.3/avr5\libgcc.a(_clear_bss.o)
 .bss           0x00800286        0x0 c:/winavr-20100110/bin/../lib/gcc/avr/4.3.3/avr5\libgcc.a(_fixunssfsi.o)
 .bss           0x00800286        0x0 c:/winavr-20100110/bin/../lib/gcc/avr/4.3.3/avr5\libgcc.a(_addsub_sf.o)
 .bss           0x00800286        0x0 c:/winavr-20100110/bin/../lib/gcc/avr/4.3.3/avr5\libgcc.a(_mul_sf.o)
 .bss           0x00800286        0x0 c:/winavr-20100110/bin/../lib/gcc/avr/4.3.3/avr5\libgcc.a(_div_sf.o)
 .bss           0x00800286        0x0 c:/winavr-20100110/bin/../lib/gcc/avr/4.3.3/avr5\libgcc.a(_gt_sf.o)
 .bss           0x00800286        0x0 c:/winavr-20100110/bin/../lib/gcc/avr/4.3.3/avr5\libgcc.a(_ge_sf.o)
 .bss           0x00800286        0x0 c:/winavr-20100110/bin/../lib/gcc/avr/4.3.3/avr5\libgcc.a(_lt_sf.o)
 .bss           0x00800286        0x0 c:/winavr-20100110/bin/../lib/gcc/avr/4.3.3/avr5\libgcc.a(_si_to_sf.o)
 .bss           0x00800286        0x0 c:/winavr-20100110/bin/../lib/gcc/avr/4.3.3/avr5\libgcc.a(_sf_to_si.o)
 .bss           0x00800286        0x0 c:/winavr-20100110/bin/../lib/gcc/avr/4.3.3/avr5\libgcc.a(_thenan_sf.o)
 .bss           0x00800286        0x0 c:/winavr-20100110/bin/../lib/gcc/avr/4.3.3/avr5\libgcc.a(_usi_to_sf.o)
 .bss           0x00800286        0x0 c:/winavr-20100110/bin/../lib/gcc/avr/4.3.3/avr5\libgcc.a(_prologue.o)
 .bss           0x00800286        0x0 c:/winavr-20100110/bin/../lib/gcc/avr/4.3.3/avr5\libgcc.a(_epilogue.o)
 .bss           0x00800286        0x0 c:/winavr-20100110/bin/../lib/gcc/avr/4.3.3/avr5\libgcc.a(_clzsi2.o)
 .bss           0x00800286        0x0 c:/winavr-20100110/bin/../lib/gcc/avr/4.3.3/avr5\libgcc.a(_pack_sf.o)
 .bss           0x00800286        0x0 c:/winavr-20100110/bin/../lib/gcc/avr/4.3.3/avr5\libgcc.a(_unpack_sf.o)
 .bss           0x00800286        0x0 c:/winavr-20100110/bin/../lib/gcc/avr/4.3.3/avr5\libgcc.a(_fpcmp_parts_sf.o)
 .bss           0x00800286        0x0 c:/winavr-20100110/bin/../lib/gcc/avr/4.3.3/avr5\libgcc.a(_clz.o)
 .bss           0x00800286        0x0 c:/winavr-20100110/bin/../lib/gcc/avr/4.3.3/../../../../avr/lib/avr5\libc.a(strcmp.o)
 .bss           0x00800286        0x0 c:/winavr-20100110/bin/../lib/gcc/avr/4.3.3/../../../../avr/lib/avr5\libc.a(strlen.o)
 .bss           0x00800286        0x0 c:/winavr-20100110/bin/../lib/gcc/avr/4.3.3/../../../../avr/lib/avr5\libc.a(sprintf.o)
 .bss           0x00800286        0x0 c:/winavr-20100110/bin/../lib/gcc/avr/4.3.3/../../../../avr/lib/avr5\libc.a(vfprintf_std.o)
 .bss           0x00800286        0x0 c:/winavr-20100110/bin/../lib/gcc/avr/4.3.3/../../../../avr/lib/avr5\libc.a(strnlen_P.o)
 .bss           0x00800286        0x0 c:/winavr-20100110/bin/../lib/gcc/avr/4.3.3/../../../../avr/lib/avr5\libc.a(strnlen.o)
 .bss           0x00800286        0x0 c:/winavr-20100110/bin/../lib/gcc/avr/4.3.3/../../../../avr/lib/avr5\libc.a(fputc.o)
 .bss           0x00800286        0x0 c:/winavr-20100110/bin/../lib/gcc/avr/4.3.3/../../../../avr/lib/avr5\libc.a(ultoa_invert.o)
 *(.bss*)
 .bss.x         0x00800286        0x1 ./Source/04-App/main.o
                0x00800286                x
 .bss.isOpen    0x00800287        0x2 ./Source/03-Service/Door/Src/Door.o
 .bss.row       0x00800289        0x1 ./Source/02-ECUA/LCD/Src/LCD.o
 .bss.col       0x0080028a        0x1 ./Source/02-ECUA/LCD/Src/LCD.o
 .bss.alignment
                0x0080028b        0x1 ./Source/02-ECUA/LCD/Src/LCD.o
 .bss.top       0x0080028c        0x1 ./Source/01-MCAL/Timer1/Src/Timer1.o
 *(COMMON)
 COMMON         0x0080028d       0x15 ./Source/04-App/main.o
                0x0080028d                password
                0x00800296                username
                0x0080029f                input
                0x008002a2                PROVIDE (__bss_end, .)
                0x00004e64                __data_load_start = LOADADDR (.data)
                0x0000508a                __data_load_end = (__data_load_start + SIZEOF (.data))

.noinit         0x008002a2        0x0
                0x008002a2                PROVIDE (__noinit_start, .)
 *(.noinit*)
                0x008002a2                PROVIDE (__noinit_end, .)
                0x008002a2                _end = .
                0x008002a2                PROVIDE (__heap_start, .)

.eeprom         0x00810000        0x0
 *(.eeprom*)
                0x00810000                __eeprom_end = .

.fuse
 *(.fuse)
 *(.lfuse)
 *(.hfuse)
 *(.efuse)

.lock
 *(.lock*)

.signature
 *(.signature*)

.stab           0x00000000     0x63a8
 *(.stab)
 .stab          0x00000000      0xa8c ./Source/04-App/main.o
 .stab          0x00000a8c      0x9b4 ./Source/03-Service/Login/Src/Login.o
                                0xd5c (size before relaxing)
 .stab          0x00001440      0x27c ./Source/03-Service/Door/Src/Door.o
                                0x3d8 (size before relaxing)
 .stab          0x000016bc      0x24c ./Source/02-ECUA/Servo/Src/Servo.o
                                0x3b4 (size before relaxing)
 .stab          0x00001908      0x54c ./Source/02-ECUA/SSD/Src/SSD.o
                                0x7e0 (size before relaxing)
 .stab          0x00001e54      0x1e0 ./Source/02-ECUA/Relay/Src/Relay.o
                                0x30c (size before relaxing)
 .stab          0x00002034      0x1e0 ./Source/02-ECUA/LM35/Src/LM35.o
                                0x348 (size before relaxing)
 .stab          0x00002214      0x2a0 ./Source/02-ECUA/LED/Src/Led.o
                                0x564 (size before relaxing)
 .stab          0x000024b4      0xb64 ./Source/02-ECUA/LCD/Src/LCD.o
                                0xed0 (size before relaxing)
 .stab          0x00003018      0x558 ./Source/02-ECUA/Keypad/Src/keypad.o
                                0x6a8 (size before relaxing)
 .stab          0x00003570      0x264 ./Source/02-ECUA/HC-05/Src/HC-05.o
                                0x378 (size before relaxing)
 .stab          0x000037d4      0x780 ./Source/02-ECUA/EEPROM/Src/EEPROM.o
                                0xa98 (size before relaxing)
 .stab          0x00003f54      0x2dc ./Source/02-ECUA/DCMotor/Src/DCMotor.o
                                0x444 (size before relaxing)
 .stab          0x00004230      0x198 ./Source/02-ECUA/Buzzer/Src/Buzzer.o
                                0x2ac (size before relaxing)
 .stab          0x000043c8      0x240 ./Source/02-ECUA/Button/Src/Button.o
                                0x348 (size before relaxing)
 .stab          0x00004608      0x168 ./Source/01-MCAL/Watchdog/Src/watchdog.o
                                0x1f8 (size before relaxing)
 .stab          0x00004770      0x3b4 ./Source/01-MCAL/UART/Src/UART.o
                                0x4ec (size before relaxing)
 .stab          0x00004b24      0x318 ./Source/01-MCAL/Timer1/Src/Timer1.o
                                0x474 (size before relaxing)
 .stab          0x00004e3c      0x45c ./Source/01-MCAL/Timer0/Src/Timer0.o
                                0x5ac (size before relaxing)
 .stab          0x00005298      0x45c ./Source/01-MCAL/TWI/Src/TWI_program.o
                                0x4ec (size before relaxing)
 .stab          0x000056f4      0x2e8 ./Source/01-MCAL/SPI/Src/SPI.o
                                0x3f0 (size before relaxing)
 .stab          0x000059dc      0x15c ./Source/01-MCAL/GIE/Src/GIE.o
                                0x1ec (size before relaxing)
 .stab          0x00005b38      0x1f8 ./Source/01-MCAL/EXTI/Src/EXTI.o
                                0x288 (size before relaxing)
 .stab          0x00005d30      0x474 ./Source/01-MCAL/Dio/Src/Dio.o
                                0x57c (size before relaxing)
 .stab          0x000061a4      0x204 ./Source/01-MCAL/ADC/Src/ADC.o
                                0x2f4 (size before relaxing)

.stabstr        0x00000000     0x33ba
 *(.stabstr)
 .stabstr       0x00000000     0x33ba ./Source/04-App/main.o

.stab.excl
 *(.stab.excl)

.stab.exclstr
 *(.stab.exclstr)

.stab.index
 *(.stab.index)

.stab.indexstr
 *(.stab.indexstr)

.comment
 *(.comment)

.debug
 *(.debug)

.line
 *(.line)

.debug_srcinfo
 *(.debug_srcinfo)

.debug_sfnames
 *(.debug_sfnames)

.debug_aranges  0x00000000      0x1c0
 *(.debug_aranges)
 .debug_aranges
                0x00000000       0x20 c:/winavr-20100110/bin/../lib/gcc/avr/4.3.3/avr5\libgcc.a(_fixunssfsi.o)
 .debug_aranges
                0x00000020       0x20 c:/winavr-20100110/bin/../lib/gcc/avr/4.3.3/avr5\libgcc.a(_addsub_sf.o)
 .debug_aranges
                0x00000040       0x20 c:/winavr-20100110/bin/../lib/gcc/avr/4.3.3/avr5\libgcc.a(_mul_sf.o)
 .debug_aranges
                0x00000060       0x20 c:/winavr-20100110/bin/../lib/gcc/avr/4.3.3/avr5\libgcc.a(_div_sf.o)
 .debug_aranges
                0x00000080       0x20 c:/winavr-20100110/bin/../lib/gcc/avr/4.3.3/avr5\libgcc.a(_gt_sf.o)
 .debug_aranges
                0x000000a0       0x20 c:/winavr-20100110/bin/../lib/gcc/avr/4.3.3/avr5\libgcc.a(_ge_sf.o)
 .debug_aranges
                0x000000c0       0x20 c:/winavr-20100110/bin/../lib/gcc/avr/4.3.3/avr5\libgcc.a(_lt_sf.o)
 .debug_aranges
                0x000000e0       0x20 c:/winavr-20100110/bin/../lib/gcc/avr/4.3.3/avr5\libgcc.a(_si_to_sf.o)
 .debug_aranges
                0x00000100       0x20 c:/winavr-20100110/bin/../lib/gcc/avr/4.3.3/avr5\libgcc.a(_sf_to_si.o)
 .debug_aranges
                0x00000120       0x20 c:/winavr-20100110/bin/../lib/gcc/avr/4.3.3/avr5\libgcc.a(_usi_to_sf.o)
 .debug_aranges
                0x00000140       0x20 c:/winavr-20100110/bin/../lib/gcc/avr/4.3.3/avr5\libgcc.a(_clzsi2.o)
 .debug_aranges
                0x00000160       0x20 c:/winavr-20100110/bin/../lib/gcc/avr/4.3.3/avr5\libgcc.a(_pack_sf.o)
 .debug_aranges
                0x00000180       0x20 c:/winavr-20100110/bin/../lib/gcc/avr/4.3.3/avr5\libgcc.a(_unpack_sf.o)
 .debug_aranges
                0x000001a0       0x20 c:/winavr-20100110/bin/../lib/gcc/avr/4.3.3/avr5\libgcc.a(_fpcmp_parts_sf.o)

.debug_pubnames
                0x00000000      0x214
 *(.debug_pubnames)
 .debug_pubnames
                0x00000000       0x23 c:/winavr-20100110/bin/../lib/gcc/avr/4.3.3/avr5\libgcc.a(_fixunssfsi.o)
 .debug_pubnames
                0x00000023       0x2c c:/winavr-20100110/bin/../lib/gcc/avr/4.3.3/avr5\libgcc.a(_addsub_sf.o)
 .debug_pubnames
                0x0000004f       0x1f c:/winavr-20100110/bin/../lib/gcc/avr/4.3.3/avr5\libgcc.a(_mul_sf.o)
 .debug_pubnames
                0x0000006e       0x1f c:/winavr-20100110/bin/../lib/gcc/avr/4.3.3/avr5\libgcc.a(_div_sf.o)
 .debug_pubnames
                0x0000008d       0x1e c:/winavr-20100110/bin/../lib/gcc/avr/4.3.3/avr5\libgcc.a(_gt_sf.o)
 .debug_pubnames
                0x000000ab       0x1e c:/winavr-20100110/bin/../lib/gcc/avr/4.3.3/avr5\libgcc.a(_ge_sf.o)
 .debug_pubnames
                0x000000c9       0x1e c:/winavr-20100110/bin/../lib/gcc/avr/4.3.3/avr5\libgcc.a(_lt_sf.o)
 .debug_pubnames
                0x000000e7       0x22 c:/winavr-20100110/bin/../lib/gcc/avr/4.3.3/avr5\libgcc.a(_si_to_sf.o)
 .debug_pubnames
                0x00000109       0x20 c:/winavr-20100110/bin/../lib/gcc/avr/4.3.3/avr5\libgcc.a(_sf_to_si.o)
 .debug_pubnames
                0x00000129       0x22 c:/winavr-20100110/bin/../lib/gcc/avr/4.3.3/avr5\libgcc.a(_thenan_sf.o)
 .debug_pubnames
                0x0000014b       0x24 c:/winavr-20100110/bin/../lib/gcc/avr/4.3.3/avr5\libgcc.a(_usi_to_sf.o)
 .debug_pubnames
                0x0000016f       0x1f c:/winavr-20100110/bin/../lib/gcc/avr/4.3.3/avr5\libgcc.a(_clzsi2.o)
 .debug_pubnames
                0x0000018e       0x1f c:/winavr-20100110/bin/../lib/gcc/avr/4.3.3/avr5\libgcc.a(_pack_sf.o)
 .debug_pubnames
                0x000001ad       0x21 c:/winavr-20100110/bin/../lib/gcc/avr/4.3.3/avr5\libgcc.a(_unpack_sf.o)
 .debug_pubnames
                0x000001ce       0x26 c:/winavr-20100110/bin/../lib/gcc/avr/4.3.3/avr5\libgcc.a(_fpcmp_parts_sf.o)
 .debug_pubnames
                0x000001f4       0x20 c:/winavr-20100110/bin/../lib/gcc/avr/4.3.3/avr5\libgcc.a(_clz.o)

.debug_info     0x00000000     0x2612
 *(.debug_info)
 .debug_info    0x00000000       0xb1 c:/winavr-20100110/bin/../lib/gcc/avr/4.3.3/avr5\libgcc.a(_fixunssfsi.o)
 .debug_info    0x000000b1      0x47a c:/winavr-20100110/bin/../lib/gcc/avr/4.3.3/avr5\libgcc.a(_addsub_sf.o)
 .debug_info    0x0000052b      0x485 c:/winavr-20100110/bin/../lib/gcc/avr/4.3.3/avr5\libgcc.a(_mul_sf.o)
 .debug_info    0x000009b0      0x3fc c:/winavr-20100110/bin/../lib/gcc/avr/4.3.3/avr5\libgcc.a(_div_sf.o)
 .debug_info    0x00000dac      0x27f c:/winavr-20100110/bin/../lib/gcc/avr/4.3.3/avr5\libgcc.a(_gt_sf.o)
 .debug_info    0x0000102b      0x27f c:/winavr-20100110/bin/../lib/gcc/avr/4.3.3/avr5\libgcc.a(_ge_sf.o)
 .debug_info    0x000012aa      0x27f c:/winavr-20100110/bin/../lib/gcc/avr/4.3.3/avr5\libgcc.a(_lt_sf.o)
 .debug_info    0x00001529      0x207 c:/winavr-20100110/bin/../lib/gcc/avr/4.3.3/avr5\libgcc.a(_si_to_sf.o)
 .debug_info    0x00001730      0x2b0 c:/winavr-20100110/bin/../lib/gcc/avr/4.3.3/avr5\libgcc.a(_sf_to_si.o)
 .debug_info    0x000019e0      0x12c c:/winavr-20100110/bin/../lib/gcc/avr/4.3.3/avr5\libgcc.a(_thenan_sf.o)
 .debug_info    0x00001b0c      0x206 c:/winavr-20100110/bin/../lib/gcc/avr/4.3.3/avr5\libgcc.a(_usi_to_sf.o)
 .debug_info    0x00001d12      0x117 c:/winavr-20100110/bin/../lib/gcc/avr/4.3.3/avr5\libgcc.a(_clzsi2.o)
 .debug_info    0x00001e29      0x2df c:/winavr-20100110/bin/../lib/gcc/avr/4.3.3/avr5\libgcc.a(_pack_sf.o)
 .debug_info    0x00002108      0x251 c:/winavr-20100110/bin/../lib/gcc/avr/4.3.3/avr5\libgcc.a(_unpack_sf.o)
 .debug_info    0x00002359      0x210 c:/winavr-20100110/bin/../lib/gcc/avr/4.3.3/avr5\libgcc.a(_fpcmp_parts_sf.o)
 .debug_info    0x00002569       0xa9 c:/winavr-20100110/bin/../lib/gcc/avr/4.3.3/avr5\libgcc.a(_clz.o)
 *(.gnu.linkonce.wi.*)

.debug_abbrev   0x00000000     0x14ce
 *(.debug_abbrev)
 .debug_abbrev  0x00000000       0x5d c:/winavr-20100110/bin/../lib/gcc/avr/4.3.3/avr5\libgcc.a(_fixunssfsi.o)
 .debug_abbrev  0x0000005d      0x1ea c:/winavr-20100110/bin/../lib/gcc/avr/4.3.3/avr5\libgcc.a(_addsub_sf.o)
 .debug_abbrev  0x00000247      0x21b c:/winavr-20100110/bin/../lib/gcc/avr/4.3.3/avr5\libgcc.a(_mul_sf.o)
 .debug_abbrev  0x00000462      0x216 c:/winavr-20100110/bin/../lib/gcc/avr/4.3.3/avr5\libgcc.a(_div_sf.o)
 .debug_abbrev  0x00000678      0x15a c:/winavr-20100110/bin/../lib/gcc/avr/4.3.3/avr5\libgcc.a(_gt_sf.o)
 .debug_abbrev  0x000007d2      0x15a c:/winavr-20100110/bin/../lib/gcc/avr/4.3.3/avr5\libgcc.a(_ge_sf.o)
 .debug_abbrev  0x0000092c      0x15a c:/winavr-20100110/bin/../lib/gcc/avr/4.3.3/avr5\libgcc.a(_lt_sf.o)
 .debug_abbrev  0x00000a86      0x148 c:/winavr-20100110/bin/../lib/gcc/avr/4.3.3/avr5\libgcc.a(_si_to_sf.o)
 .debug_abbrev  0x00000bce      0x17f c:/winavr-20100110/bin/../lib/gcc/avr/4.3.3/avr5\libgcc.a(_sf_to_si.o)
 .debug_abbrev  0x00000d4d       0xad c:/winavr-20100110/bin/../lib/gcc/avr/4.3.3/avr5\libgcc.a(_thenan_sf.o)
 .debug_abbrev  0x00000dfa      0x157 c:/winavr-20100110/bin/../lib/gcc/avr/4.3.3/avr5\libgcc.a(_usi_to_sf.o)
 .debug_abbrev  0x00000f51       0xc4 c:/winavr-20100110/bin/../lib/gcc/avr/4.3.3/avr5\libgcc.a(_clzsi2.o)
 .debug_abbrev  0x00001015      0x1c0 c:/winavr-20100110/bin/../lib/gcc/avr/4.3.3/avr5\libgcc.a(_pack_sf.o)
 .debug_abbrev  0x000011d5      0x154 c:/winavr-20100110/bin/../lib/gcc/avr/4.3.3/avr5\libgcc.a(_unpack_sf.o)
 .debug_abbrev  0x00001329      0x13b c:/winavr-20100110/bin/../lib/gcc/avr/4.3.3/avr5\libgcc.a(_fpcmp_parts_sf.o)
 .debug_abbrev  0x00001464       0x6a c:/winavr-20100110/bin/../lib/gcc/avr/4.3.3/avr5\libgcc.a(_clz.o)

.debug_line     0x00000000     0x130b
 *(.debug_line)
 .debug_line    0x00000000       0xa7 c:/winavr-20100110/bin/../lib/gcc/avr/4.3.3/avr5\libgcc.a(_fixunssfsi.o)
 .debug_line    0x000000a7      0x2af c:/winavr-20100110/bin/../lib/gcc/avr/4.3.3/avr5\libgcc.a(_addsub_sf.o)
 .debug_line    0x00000356      0x239 c:/winavr-20100110/bin/../lib/gcc/avr/4.3.3/avr5\libgcc.a(_mul_sf.o)
 .debug_line    0x0000058f      0x1d5 c:/winavr-20100110/bin/../lib/gcc/avr/4.3.3/avr5\libgcc.a(_div_sf.o)
 .debug_line    0x00000764       0xd3 c:/winavr-20100110/bin/../lib/gcc/avr/4.3.3/avr5\libgcc.a(_gt_sf.o)
 .debug_line    0x00000837       0xd3 c:/winavr-20100110/bin/../lib/gcc/avr/4.3.3/avr5\libgcc.a(_ge_sf.o)
 .debug_line    0x0000090a       0xd3 c:/winavr-20100110/bin/../lib/gcc/avr/4.3.3/avr5\libgcc.a(_lt_sf.o)
 .debug_line    0x000009dd      0x135 c:/winavr-20100110/bin/../lib/gcc/avr/4.3.3/avr5\libgcc.a(_si_to_sf.o)
 .debug_line    0x00000b12      0x109 c:/winavr-20100110/bin/../lib/gcc/avr/4.3.3/avr5\libgcc.a(_sf_to_si.o)
 .debug_line    0x00000c1b       0x90 c:/winavr-20100110/bin/../lib/gcc/avr/4.3.3/avr5\libgcc.a(_thenan_sf.o)
 .debug_line    0x00000cab      0x133 c:/winavr-20100110/bin/../lib/gcc/avr/4.3.3/avr5\libgcc.a(_usi_to_sf.o)
 .debug_line    0x00000dde       0xa5 c:/winavr-20100110/bin/../lib/gcc/avr/4.3.3/avr5\libgcc.a(_clzsi2.o)
 .debug_line    0x00000e83      0x18a c:/winavr-20100110/bin/../lib/gcc/avr/4.3.3/avr5\libgcc.a(_pack_sf.o)
 .debug_line    0x0000100d      0x14b c:/winavr-20100110/bin/../lib/gcc/avr/4.3.3/avr5\libgcc.a(_unpack_sf.o)
 .debug_line    0x00001158      0x137 c:/winavr-20100110/bin/../lib/gcc/avr/4.3.3/avr5\libgcc.a(_fpcmp_parts_sf.o)
 .debug_line    0x0000128f       0x7c c:/winavr-20100110/bin/../lib/gcc/avr/4.3.3/avr5\libgcc.a(_clz.o)

.debug_frame    0x00000000      0x1e0
 *(.debug_frame)
 .debug_frame   0x00000000       0x20 c:/winavr-20100110/bin/../lib/gcc/avr/4.3.3/avr5\libgcc.a(_fixunssfsi.o)
 .debug_frame   0x00000020       0x40 c:/winavr-20100110/bin/../lib/gcc/avr/4.3.3/avr5\libgcc.a(_addsub_sf.o)
 .debug_frame   0x00000060       0x20 c:/winavr-20100110/bin/../lib/gcc/avr/4.3.3/avr5\libgcc.a(_mul_sf.o)
 .debug_frame   0x00000080       0x20 c:/winavr-20100110/bin/../lib/gcc/avr/4.3.3/avr5\libgcc.a(_div_sf.o)
 .debug_frame   0x000000a0       0x20 c:/winavr-20100110/bin/../lib/gcc/avr/4.3.3/avr5\libgcc.a(_gt_sf.o)
 .debug_frame   0x000000c0       0x20 c:/winavr-20100110/bin/../lib/gcc/avr/4.3.3/avr5\libgcc.a(_ge_sf.o)
 .debug_frame   0x000000e0       0x20 c:/winavr-20100110/bin/../lib/gcc/avr/4.3.3/avr5\libgcc.a(_lt_sf.o)
 .debug_frame   0x00000100       0x20 c:/winavr-20100110/bin/../lib/gcc/avr/4.3.3/avr5\libgcc.a(_si_to_sf.o)
 .debug_frame   0x00000120       0x20 c:/winavr-20100110/bin/../lib/gcc/avr/4.3.3/avr5\libgcc.a(_sf_to_si.o)
 .debug_frame   0x00000140       0x20 c:/winavr-20100110/bin/../lib/gcc/avr/4.3.3/avr5\libgcc.a(_usi_to_sf.o)
 .debug_frame   0x00000160       0x20 c:/winavr-20100110/bin/../lib/gcc/avr/4.3.3/avr5\libgcc.a(_clzsi2.o)
 .debug_frame   0x00000180       0x20 c:/winavr-20100110/bin/../lib/gcc/avr/4.3.3/avr5\libgcc.a(_pack_sf.o)
 .debug_frame   0x000001a0       0x20 c:/winavr-20100110/bin/../lib/gcc/avr/4.3.3/avr5\libgcc.a(_unpack_sf.o)
 .debug_frame   0x000001c0       0x20 c:/winavr-20100110/bin/../lib/gcc/avr/4.3.3/avr5\libgcc.a(_fpcmp_parts_sf.o)

.debug_str      0x00000000      0x307
 *(.debug_str)
 .debug_str     0x00000000       0xbf c:/winavr-20100110/bin/../lib/gcc/avr/4.3.3/avr5\libgcc.a(_fixunssfsi.o)
                                 0xfe (size before relaxing)
 .debug_str     0x000000bf      0x14d c:/winavr-20100110/bin/../lib/gcc/avr/4.3.3/avr5\libgcc.a(_addsub_sf.o)
                                0x206 (size before relaxing)
 .debug_str     0x0000020c       0x27 c:/winavr-20100110/bin/../lib/gcc/avr/4.3.3/avr5\libgcc.a(_mul_sf.o)
                                0x1bf (size before relaxing)
 .debug_str     0x00000233       0x35 c:/winavr-20100110/bin/../lib/gcc/avr/4.3.3/avr5\libgcc.a(_div_sf.o)
                                0x1c8 (size before relaxing)
 .debug_str     0x00000268        0x8 c:/winavr-20100110/bin/../lib/gcc/avr/4.3.3/avr5\libgcc.a(_gt_sf.o)
                                0x195 (size before relaxing)
 .debug_str     0x00000270        0x8 c:/winavr-20100110/bin/../lib/gcc/avr/4.3.3/avr5\libgcc.a(_ge_sf.o)
                                0x195 (size before relaxing)
 .debug_str     0x00000278        0x8 c:/winavr-20100110/bin/../lib/gcc/avr/4.3.3/avr5\libgcc.a(_lt_sf.o)
                                0x195 (size before relaxing)
 .debug_str     0x00000280       0x1e c:/winavr-20100110/bin/../lib/gcc/avr/4.3.3/avr5\libgcc.a(_si_to_sf.o)
                                0x17b (size before relaxing)
 .debug_str     0x0000029e        0xa c:/winavr-20100110/bin/../lib/gcc/avr/4.3.3/avr5\libgcc.a(_sf_to_si.o)
                                0x19e (size before relaxing)
 .debug_str     0x00000000      0x103 c:/winavr-20100110/bin/../lib/gcc/avr/4.3.3/avr5\libgcc.a(_thenan_sf.o)
 .debug_str     0x000002a8       0x14 c:/winavr-20100110/bin/../lib/gcc/avr/4.3.3/avr5\libgcc.a(_usi_to_sf.o)
                                0x177 (size before relaxing)
 .debug_str     0x000002bc       0x20 c:/winavr-20100110/bin/../lib/gcc/avr/4.3.3/avr5\libgcc.a(_clzsi2.o)
                                0x111 (size before relaxing)
 .debug_str     0x000002dc       0x10 c:/winavr-20100110/bin/../lib/gcc/avr/4.3.3/avr5\libgcc.a(_pack_sf.o)
                                0x19d (size before relaxing)
 .debug_str     0x000002ec        0xb c:/winavr-20100110/bin/../lib/gcc/avr/4.3.3/avr5\libgcc.a(_unpack_sf.o)
                                0x17f (size before relaxing)
 .debug_str     0x000002f7       0x10 c:/winavr-20100110/bin/../lib/gcc/avr/4.3.3/avr5\libgcc.a(_fpcmp_parts_sf.o)
                                0x163 (size before relaxing)
 .debug_str     0x00000000       0xf4 c:/winavr-20100110/bin/../lib/gcc/avr/4.3.3/avr5\libgcc.a(_clz.o)

.debug_loc      0x00000000      0xa1a
 *(.debug_loc)
 .debug_loc     0x00000000       0x34 c:/winavr-20100110/bin/../lib/gcc/avr/4.3.3/avr5\libgcc.a(_fixunssfsi.o)
 .debug_loc     0x00000034      0x32a c:/winavr-20100110/bin/../lib/gcc/avr/4.3.3/avr5\libgcc.a(_addsub_sf.o)
 .debug_loc     0x0000035e      0x104 c:/winavr-20100110/bin/../lib/gcc/avr/4.3.3/avr5\libgcc.a(_mul_sf.o)
 .debug_loc     0x00000462       0xc0 c:/winavr-20100110/bin/../lib/gcc/avr/4.3.3/avr5\libgcc.a(_div_sf.o)
 .debug_loc     0x00000522       0x3c c:/winavr-20100110/bin/../lib/gcc/avr/4.3.3/avr5\libgcc.a(_gt_sf.o)
 .debug_loc     0x0000055e       0x3c c:/winavr-20100110/bin/../lib/gcc/avr/4.3.3/avr5\libgcc.a(_ge_sf.o)
 .debug_loc     0x0000059a       0x3c c:/winavr-20100110/bin/../lib/gcc/avr/4.3.3/avr5\libgcc.a(_lt_sf.o)
 .debug_loc     0x000005d6       0xac c:/winavr-20100110/bin/../lib/gcc/avr/4.3.3/avr5\libgcc.a(_si_to_sf.o)
 .debug_loc     0x00000682       0x7e c:/winavr-20100110/bin/../lib/gcc/avr/4.3.3/avr5\libgcc.a(_sf_to_si.o)
 .debug_loc     0x00000700       0x4c c:/winavr-20100110/bin/../lib/gcc/avr/4.3.3/avr5\libgcc.a(_usi_to_sf.o)
 .debug_loc     0x0000074c       0x94 c:/winavr-20100110/bin/../lib/gcc/avr/4.3.3/avr5\libgcc.a(_clzsi2.o)
 .debug_loc     0x000007e0      0x13e c:/winavr-20100110/bin/../lib/gcc/avr/4.3.3/avr5\libgcc.a(_pack_sf.o)
 .debug_loc     0x0000091e       0xac c:/winavr-20100110/bin/../lib/gcc/avr/4.3.3/avr5\libgcc.a(_unpack_sf.o)
 .debug_loc     0x000009ca       0x50 c:/winavr-20100110/bin/../lib/gcc/avr/4.3.3/avr5\libgcc.a(_fpcmp_parts_sf.o)

.debug_macinfo
 *(.debug_macinfo)
OUTPUT(Smart_Home.elf elf32-avr)
LOAD linker stubs

.debug_ranges   0x00000000       0x50
 .debug_ranges  0x00000000       0x50 c:/winavr-20100110/bin/../lib/gcc/avr/4.3.3/avr5\libgcc.a(_mul_sf.o)
